---
source: src/syntax.rs
expression: module
---
span: "[span]"
declarations:
  - Function:
      span: "[span]"
      name:
        span: "[span]"
        symbol: main
      parameters: []
      return_type: ~
      body:
        span: "[span]"
        statements:
          - Expression:
              Literal:
                Integer: 10
          - Expression:
              Literal:
                String: cool
          - Expression:
              FunctionCall:
                name:
                  span: "[span]"
                  symbol: print
                arguments:
                  - Literal:
                      String: "\"âˆ‘\ti = 0 to \\ n of i is n(n+1)/2\n\""

